Release 14.7 - xst P.20131013 (nt64)
Copyright (c) 1995-2013 Xilinx, Inc.  All rights reserved.
--> Parameter TMPDIR set to xst/projnav.tmp


Total REAL time to Xst completion: 0.00 secs
Total CPU time to Xst completion: 0.15 secs
 
--> Parameter xsthdpdir set to xst


Total REAL time to Xst completion: 0.00 secs
Total CPU time to Xst completion: 0.15 secs
 
--> Reading design: fir_filter.prj

TABLE OF CONTENTS
  1) Synthesis Options Summary
  2) HDL Parsing
  3) HDL Elaboration
  4) HDL Synthesis
       4.1) HDL Synthesis Report
  5) Advanced HDL Synthesis
       5.1) Advanced HDL Synthesis Report
  6) Low Level Synthesis
  7) Partition Report
  8) Design Summary
       8.1) Primitive and Black Box Usage
       8.2) Device utilization summary
       8.3) Partition Resource Summary
       8.4) Timing Report
            8.4.1) Clock Information
            8.4.2) Asynchronous Control Signals Information
            8.4.3) Timing Summary
            8.4.4) Timing Details
            8.4.5) Cross Clock Domains Report


=========================================================================
*                      Synthesis Options Summary                        *
=========================================================================
---- Source Parameters
Input File Name                    : "fir_filter.prj"
Ignore Synthesis Constraint File   : NO

---- Target Parameters
Output File Name                   : "fir_filter"
Output Format                      : NGC
Target Device                      : xc6slx16-3-csg324

---- Source Options
Top Module Name                    : fir_filter
Automatic FSM Extraction           : YES
FSM Encoding Algorithm             : Auto
Safe Implementation                : No
FSM Style                          : LUT
RAM Extraction                     : Yes
RAM Style                          : Auto
ROM Extraction                     : Yes
Shift Register Extraction          : YES
ROM Style                          : Auto
Resource Sharing                   : YES
Asynchronous To Synchronous        : NO
Shift Register Minimum Size        : 2
Use DSP Block                      : Auto
Automatic Register Balancing       : No

---- Target Options
LUT Combining                      : Auto
Reduce Control Sets                : Auto
Add IO Buffers                     : YES
Global Maximum Fanout              : 100000
Add Generic Clock Buffer(BUFG)     : 16
Register Duplication               : YES
Optimize Instantiated Primitives   : NO
Use Clock Enable                   : Auto
Use Synchronous Set                : Auto
Use Synchronous Reset              : Auto
Pack IO Registers into IOBs        : Auto
Equivalent register Removal        : YES

---- General Options
Optimization Goal                  : Speed
Optimization Effort                : 1
Power Reduction                    : NO
Keep Hierarchy                     : No
Netlist Hierarchy                  : As_Optimized
RTL Output                         : Yes
Global Optimization                : AllClockNets
Read Cores                         : YES
Write Timing Constraints           : NO
Cross Clock Analysis               : NO
Hierarchy Separator                : /
Bus Delimiter                      : <>
Case Specifier                     : Maintain
Slice Utilization Ratio            : 100
BRAM Utilization Ratio             : 100
DSP48 Utilization Ratio            : 100
Auto BRAM Packing                  : NO
Slice Utilization Ratio Delta      : 5

=========================================================================


=========================================================================
*                          HDL Parsing                                  *
=========================================================================
Analyzing Verilog file "E:\CE-7\Digital System Design - DSD\Lab\Lab Project\VerilogHDL Code\LabProject\fir_filter.v" into library work
Parsing module <fir_filter>.

=========================================================================
*                            HDL Elaboration                            *
=========================================================================

Elaborating module <fir_filter>.
WARNING:HDLCompiler:872 - "E:\CE-7\Digital System Design - DSD\Lab\Lab Project\VerilogHDL Code\LabProject\fir_filter.v" Line 29: Using initial value of tap_weights since it is never assigned

=========================================================================
*                           HDL Synthesis                               *
=========================================================================

Synthesizing Unit <fir_filter>.
    Related source file is "E:\CE-7\Digital System Design - DSD\Lab\Lab Project\VerilogHDL Code\LabProject\fir_filter.v".
    Found 160-bit register for signal <n0005>.
    Found 16-bit register for signal <y>.
    Found 16-bit adder for signal <y[15]_delay_line[9][15]_add_9_OUT> created at line 65.
    Summary:
	inferred   1 Adder/Subtractor(s).
	inferred 176 D-type flip-flop(s).
Unit <fir_filter> synthesized.

=========================================================================
HDL Synthesis Report

Macro Statistics
# Adders/Subtractors                                   : 1
 16-bit adder                                          : 1
# Registers                                            : 2
 16-bit register                                       : 1
 160-bit register                                      : 1

=========================================================================

=========================================================================
*                       Advanced HDL Synthesis                          *
=========================================================================


Synthesizing (advanced) Unit <fir_filter>.
The following registers are absorbed into accumulator <y>: 1 register on signal <y>.
Unit <fir_filter> synthesized (advanced).

=========================================================================
Advanced HDL Synthesis Report

Macro Statistics
# Accumulators                                         : 1
 16-bit up accumulator                                 : 1
# Registers                                            : 160
 Flip-Flops                                            : 160

=========================================================================

=========================================================================
*                         Low Level Synthesis                           *
=========================================================================

Optimizing unit <fir_filter> ...

Mapping all equations...
Building and optimizing final netlist ...
Found area constraint ratio of 100 (+ 5) on block fir_filter, actual ratio is 2.

Final Macro Processing ...

Processing Unit <fir_filter> :
	Found 10-bit shift register for signal <delay_line_0_144>.
	Found 10-bit shift register for signal <delay_line_0_145>.
	Found 10-bit shift register for signal <delay_line_0_146>.
	Found 10-bit shift register for signal <delay_line_0_147>.
	Found 10-bit shift register for signal <delay_line_0_148>.
	Found 10-bit shift register for signal <delay_line_0_149>.
	Found 10-bit shift register for signal <delay_line_0_150>.
	Found 10-bit shift register for signal <delay_line_0_151>.
	Found 10-bit shift register for signal <delay_line_0_152>.
	Found 10-bit shift register for signal <delay_line_0_153>.
	Found 10-bit shift register for signal <delay_line_0_154>.
	Found 10-bit shift register for signal <delay_line_0_155>.
	Found 10-bit shift register for signal <delay_line_0_156>.
	Found 10-bit shift register for signal <delay_line_0_157>.
	Found 10-bit shift register for signal <delay_line_0_158>.
	Found 10-bit shift register for signal <delay_line_0_159>.
Unit <fir_filter> processed.

=========================================================================
Final Register Report

Macro Statistics
# Registers                                            : 16
 Flip-Flops                                            : 16
# Shift Registers                                      : 16
 10-bit shift register                                 : 16

=========================================================================

=========================================================================
*                           Partition Report                            *
=========================================================================

Partition Implementation Status
-------------------------------

  No Partitions were found in this design.

-------------------------------

=========================================================================
*                            Design Summary                             *
=========================================================================

Top Level Output File Name         : fir_filter.ngc

Primitive and Black Box Usage:
------------------------------
# BELS                             : 65
#      GND                         : 1
#      LUT2                        : 32
#      MUXCY                       : 15
#      VCC                         : 1
#      XORCY                       : 16
# FlipFlops/Latches                : 57
#      FDC                         : 16
#      FDCE                        : 25
#      FDE                         : 16
# Shift Registers                  : 16
#      SRLC16E                     : 16
# Clock Buffers                    : 1
#      BUFGP                       : 1
# IO Buffers                       : 33
#      IBUF                        : 17
#      OBUF                        : 16

Device utilization summary:
---------------------------

Selected Device : 6slx16csg324-3 


Slice Logic Utilization: 
 Number of Slice Registers:              57  out of  18224     0%  
 Number of Slice LUTs:                   48  out of   9112     0%  
    Number used as Logic:                32  out of   9112     0%  
    Number used as Memory:               16  out of   2176     0%  
       Number used as SRL:               16

Slice Logic Distribution: 
 Number of LUT Flip Flop pairs used:     57
   Number with an unused Flip Flop:       0  out of     57     0%  
   Number with an unused LUT:             9  out of     57    15%  
   Number of fully used LUT-FF pairs:    48  out of     57    84%  
   Number of unique control sets:         3

IO Utilization: 
 Number of IOs:                          34
 Number of bonded IOBs:                  34  out of    232    14%  

Specific Feature Utilization:
 Number of BUFG/BUFGCTRLs:                1  out of     16     6%  

---------------------------
Partition Resource Summary:
---------------------------

  No Partitions were found in this design.

---------------------------


=========================================================================
Timing Report

NOTE: THESE TIMING NUMBERS ARE ONLY A SYNTHESIS ESTIMATE.
      FOR ACCURATE TIMING INFORMATION PLEASE REFER TO THE TRACE REPORT
      GENERATED AFTER PLACE-and-ROUTE.

Clock Information:
------------------
-----------------------------------+------------------------+-------+
Clock Signal                       | Clock buffer(FF name)  | Load  |
-----------------------------------+------------------------+-------+
clk                                | BUFGP                  | 73    |
-----------------------------------+------------------------+-------+

Asynchronous Control Signals Information:
----------------------------------------
No asynchronous control signals found in this design

Timing Summary:
---------------
Speed Grade: -3

   Minimum period: 2.054ns (Maximum Frequency: 486.890MHz)
   Minimum input arrival time before clock: 3.071ns
   Maximum output required time after clock: 3.634ns
   Maximum combinational path delay: No path found

Timing Details:
---------------
All values displayed in nanoseconds (ns)

=========================================================================
Timing constraint: Default period analysis for Clock 'clk'
  Clock period: 2.054ns (frequency: 486.890MHz)
  Total number of paths / destination ports: 448 / 56
-------------------------------------------------------------------------
Delay:               2.054ns (Levels of Logic = 17)
  Source:            delay_line_0_144 (FF)
  Destination:       y_15 (FF)
  Source Clock:      clk rising
  Destination Clock: clk rising

  Data Path: delay_line_0_144 to y_15
                                Gate     Net
    Cell:in->out      fanout   Delay   Delay  Logical Name (Net Name)
    ----------------------------------------  ------------
     FDCE:C->Q             1   0.447   0.684  delay_line_0_144 (delay_line_0_144)
     LUT2:I0->O            1   0.203   0.000  Maccum_y_lut<0> (Maccum_y_lut<0>)
     MUXCY:S->O            1   0.172   0.000  Maccum_y_cy<0> (Maccum_y_cy<0>)
     MUXCY:CI->O           1   0.019   0.000  Maccum_y_cy<1> (Maccum_y_cy<1>)
     MUXCY:CI->O           1   0.019   0.000  Maccum_y_cy<2> (Maccum_y_cy<2>)
     MUXCY:CI->O           1   0.019   0.000  Maccum_y_cy<3> (Maccum_y_cy<3>)
     MUXCY:CI->O           1   0.019   0.000  Maccum_y_cy<4> (Maccum_y_cy<4>)
     MUXCY:CI->O           1   0.019   0.000  Maccum_y_cy<5> (Maccum_y_cy<5>)
     MUXCY:CI->O           1   0.019   0.000  Maccum_y_cy<6> (Maccum_y_cy<6>)
     MUXCY:CI->O           1   0.019   0.000  Maccum_y_cy<7> (Maccum_y_cy<7>)
     MUXCY:CI->O           1   0.019   0.000  Maccum_y_cy<8> (Maccum_y_cy<8>)
     MUXCY:CI->O           1   0.019   0.000  Maccum_y_cy<9> (Maccum_y_cy<9>)
     MUXCY:CI->O           1   0.019   0.000  Maccum_y_cy<10> (Maccum_y_cy<10>)
     MUXCY:CI->O           1   0.019   0.000  Maccum_y_cy<11> (Maccum_y_cy<11>)
     MUXCY:CI->O           1   0.019   0.000  Maccum_y_cy<12> (Maccum_y_cy<12>)
     MUXCY:CI->O           1   0.019   0.000  Maccum_y_cy<13> (Maccum_y_cy<13>)
     MUXCY:CI->O           0   0.019   0.000  Maccum_y_cy<14> (Maccum_y_cy<14>)
     XORCY:CI->O           1   0.180   0.000  Maccum_y_xor<15> (Result<15>)
     FDC:D                     0.102          y_15
    ----------------------------------------
    Total                      2.054ns (1.370ns logic, 0.684ns route)
                                       (66.7% logic, 33.3% route)

=========================================================================
Timing constraint: Default OFFSET IN BEFORE for Clock 'clk'
  Total number of paths / destination ports: 57 / 57
-------------------------------------------------------------------------
Offset:              3.071ns (Levels of Logic = 1)
  Source:            reset (PAD)
  Destination:       y_0 (FF)
  Destination Clock: clk rising

  Data Path: reset to y_0
                                Gate     Net
    Cell:in->out      fanout   Delay   Delay  Logical Name (Net Name)
    ----------------------------------------  ------------
     IBUF:I->O            41   1.222   1.419  reset_IBUF (reset_IBUF)
     FDC:CLR                   0.430          y_0
    ----------------------------------------
    Total                      3.071ns (1.652ns logic, 1.419ns route)
                                       (53.8% logic, 46.2% route)

=========================================================================
Timing constraint: Default OFFSET OUT AFTER for Clock 'clk'
  Total number of paths / destination ports: 16 / 16
-------------------------------------------------------------------------
Offset:              3.634ns (Levels of Logic = 1)
  Source:            y_15 (FF)
  Destination:       y<15> (PAD)
  Source Clock:      clk rising

  Data Path: y_15 to y<15>
                                Gate     Net
    Cell:in->out      fanout   Delay   Delay  Logical Name (Net Name)
    ----------------------------------------  ------------
     FDC:C->Q              2   0.447   0.616  y_15 (y_15)
     OBUF:I->O                 2.571          y_15_OBUF (y<15>)
    ----------------------------------------
    Total                      3.634ns (3.018ns logic, 0.616ns route)
                                       (83.0% logic, 17.0% route)

=========================================================================

Cross Clock Domains Report:
--------------------------

Clock to Setup on destination clock clk
---------------+---------+---------+---------+---------+
               | Src:Rise| Src:Fall| Src:Rise| Src:Fall|
Source Clock   |Dest:Rise|Dest:Rise|Dest:Fall|Dest:Fall|
---------------+---------+---------+---------+---------+
clk            |    2.054|         |         |         |
---------------+---------+---------+---------+---------+

=========================================================================


Total REAL time to Xst completion: 5.00 secs
Total CPU time to Xst completion: 5.14 secs
 
--> 

Total memory usage is 4486504 kilobytes

Number of errors   :    0 (   0 filtered)
Number of warnings :    1 (   0 filtered)
Number of infos    :    0 (   0 filtered)

